../Drivers/CMSIS/Include/core_cm4.h:2059:26:ITM_SendChar	16	static,ignoring_inline_asm
../Core/Src/main.c:80:6:HAL_FDCAN_RxFifo0Callback	24	static
../Core/Src/main.c:102:6:HAL_FDCAN_RxFifo1Callback	24	static
../Core/Src/main.c:125:5:__io_putchar	16	static
../Core/Src/main.c:136:5:main	16	static
../Core/Src/main.c:240:6:SystemClock_Config	88	static
../Core/Src/main.c:287:13:MX_CRC_Init	8	static
../Core/Src/main.c:318:13:MX_FDCAN1_Init	32	static
../Core/Src/main.c:387:13:MX_SPI2_Init	8	static
../Core/Src/main.c:427:13:MX_GPIO_Init	48	static
../Core/Src/main.c:471:6:Error_Handler	4	static,ignoring_inline_asm
