../Drivers/CMSIS/Include/core_cm4.h:2059:26:ITM_SendChar	16	static,ignoring_inline_asm
../Core/Src/main.c:70:6:HAL_FDCAN_RxFifo0Callback	24	static
../Core/Src/main.c:92:6:HAL_FDCAN_RxFifo1Callback	24	static
../Core/Src/main.c:115:5:__io_putchar	16	static
../Core/Src/main.c:126:5:main	8	static
../Core/Src/main.c:216:6:SystemClock_Config	88	static
../Core/Src/main.c:263:13:MX_FDCAN1_Init	32	static
../Core/Src/main.c:332:13:MX_GPIO_Init	40	static
../Core/Src/main.c:365:6:Error_Handler	4	static,ignoring_inline_asm
